------------------------------------------------------------
TimeQuest Timing Analyzer Summary
------------------------------------------------------------

Type  : Slow 1100mV 85C Model Setup 'control:nios|procesador:nios2|procesador_hps_0:hps_0|procesador_hps_0_hps_io:hps_io|procesador_hps_0_hps_io_border:border|hps_sdram:hps_sdram_inst|hps_sdram_pll:pll|afi_clk_write_clk'
Slack : 2.563
TNS   : 0.000

Type  : Slow 1100mV 85C Model Setup 'nios|nios2|pll|altera_pll_i|cyclonev_pll|counter[0].output_counter|divclk'
Slack : 3.322
TNS   : 0.000

Type  : Slow 1100mV 85C Model Setup 'clock_50'
Slack : 4.917
TNS   : 0.000

Type  : Slow 1100mV 85C Model Setup 'altera_reserved_tck'
Slack : 11.673
TNS   : 0.000

Type  : Slow 1100mV 85C Model Hold 'control:nios|procesador:nios2|procesador_hps_0:hps_0|procesador_hps_0_hps_io:hps_io|procesador_hps_0_hps_io_border:border|hps_sdram:hps_sdram_inst|hps_sdram_pll:pll|afi_clk_write_clk'
Slack : 0.143
TNS   : 0.000

Type  : Slow 1100mV 85C Model Hold 'nios|nios2|pll|altera_pll_i|cyclonev_pll|counter[0].output_counter|divclk'
Slack : 0.241
TNS   : 0.000

Type  : Slow 1100mV 85C Model Hold 'clock_50'
Slack : 0.252
TNS   : 0.000

Type  : Slow 1100mV 85C Model Hold 'altera_reserved_tck'
Slack : 0.387
TNS   : 0.000

Type  : Slow 1100mV 85C Model Recovery 'nios|nios2|pll|altera_pll_i|cyclonev_pll|counter[0].output_counter|divclk'
Slack : 4.682
TNS   : 0.000

Type  : Slow 1100mV 85C Model Recovery 'control:nios|procesador:nios2|procesador_hps_0:hps_0|procesador_hps_0_hps_io:hps_io|procesador_hps_0_hps_io_border:border|hps_sdram:hps_sdram_inst|hps_sdram_pll:pll|afi_clk_write_clk'
Slack : 5.041
TNS   : 0.000

Type  : Slow 1100mV 85C Model Recovery 'clock_50'
Slack : 11.754
TNS   : 0.000

Type  : Slow 1100mV 85C Model Recovery 'altera_reserved_tck'
Slack : 14.253
TNS   : 0.000

Type  : Slow 1100mV 85C Model Removal 'clock_50'
Slack : 0.566
TNS   : 0.000

Type  : Slow 1100mV 85C Model Removal 'nios|nios2|pll|altera_pll_i|cyclonev_pll|counter[0].output_counter|divclk'
Slack : 0.876
TNS   : 0.000

Type  : Slow 1100mV 85C Model Removal 'altera_reserved_tck'
Slack : 0.983
TNS   : 0.000

Type  : Slow 1100mV 85C Model Removal 'control:nios|procesador:nios2|procesador_hps_0:hps_0|procesador_hps_0_hps_io:hps_io|procesador_hps_0_hps_io_border:border|hps_sdram:hps_sdram_inst|hps_sdram_pll:pll|afi_clk_write_clk'
Slack : 1.063
TNS   : 0.000

Type  : Slow 1100mV 85C Model Minimum Pulse Width 'control:nios|procesador:nios2|procesador_hps_0:hps_0|procesador_hps_0_hps_io:hps_io|procesador_hps_0_hps_io_border:border|hps_sdram:hps_sdram_inst|hps_sdram_pll:pll|pll_write_clk_dq_write_clk'
Slack : 1.025
TNS   : 0.000

Type  : Slow 1100mV 85C Model Minimum Pulse Width 'control:nios|procesador:nios2|procesador_hps_0:hps_0|procesador_hps_0_hps_io:hps_io|procesador_hps_0_hps_io_border:border|hps_sdram:hps_sdram_inst|hps_sdram_pll:pll|afi_clk_write_clk'
Slack : 1.039
TNS   : 0.000

Type  : Slow 1100mV 85C Model Minimum Pulse Width 'nios|nios2|pll|altera_pll_i|cyclonev_pll|fpll_0|fpll|vcoph[0]'
Slack : 1.538
TNS   : 0.000

Type  : Slow 1100mV 85C Model Minimum Pulse Width 'nios|nios2|pll|altera_pll_i|cyclonev_pll|counter[0].output_counter|divclk'
Slack : 6.322
TNS   : 0.000

Type  : Slow 1100mV 85C Model Minimum Pulse Width 'clock_50'
Slack : 8.882
TNS   : 0.000

Type  : Slow 1100mV 85C Model Minimum Pulse Width 'altera_reserved_tck'
Slack : 15.794
TNS   : 0.000

Type  : Slow 1100mV 0C Model Setup 'control:nios|procesador:nios2|procesador_hps_0:hps_0|procesador_hps_0_hps_io:hps_io|procesador_hps_0_hps_io_border:border|hps_sdram:hps_sdram_inst|hps_sdram_pll:pll|afi_clk_write_clk'
Slack : 2.560
TNS   : 0.000

Type  : Slow 1100mV 0C Model Setup 'nios|nios2|pll|altera_pll_i|cyclonev_pll|counter[0].output_counter|divclk'
Slack : 3.044
TNS   : 0.000

Type  : Slow 1100mV 0C Model Setup 'clock_50'
Slack : 5.216
TNS   : 0.000

Type  : Slow 1100mV 0C Model Setup 'altera_reserved_tck'
Slack : 11.737
TNS   : 0.000

Type  : Slow 1100mV 0C Model Hold 'control:nios|procesador:nios2|procesador_hps_0:hps_0|procesador_hps_0_hps_io:hps_io|procesador_hps_0_hps_io_border:border|hps_sdram:hps_sdram_inst|hps_sdram_pll:pll|afi_clk_write_clk'
Slack : 0.162
TNS   : 0.000

Type  : Slow 1100mV 0C Model Hold 'clock_50'
Slack : 0.237
TNS   : 0.000

Type  : Slow 1100mV 0C Model Hold 'nios|nios2|pll|altera_pll_i|cyclonev_pll|counter[0].output_counter|divclk'
Slack : 0.301
TNS   : 0.000

Type  : Slow 1100mV 0C Model Hold 'altera_reserved_tck'
Slack : 0.363
TNS   : 0.000

Type  : Slow 1100mV 0C Model Recovery 'nios|nios2|pll|altera_pll_i|cyclonev_pll|counter[0].output_counter|divclk'
Slack : 4.778
TNS   : 0.000

Type  : Slow 1100mV 0C Model Recovery 'control:nios|procesador:nios2|procesador_hps_0:hps_0|procesador_hps_0_hps_io:hps_io|procesador_hps_0_hps_io_border:border|hps_sdram:hps_sdram_inst|hps_sdram_pll:pll|afi_clk_write_clk'
Slack : 5.134
TNS   : 0.000

Type  : Slow 1100mV 0C Model Recovery 'clock_50'
Slack : 11.930
TNS   : 0.000

Type  : Slow 1100mV 0C Model Recovery 'altera_reserved_tck'
Slack : 14.344
TNS   : 0.000

Type  : Slow 1100mV 0C Model Removal 'clock_50'
Slack : 0.531
TNS   : 0.000

Type  : Slow 1100mV 0C Model Removal 'nios|nios2|pll|altera_pll_i|cyclonev_pll|counter[0].output_counter|divclk'
Slack : 0.828
TNS   : 0.000

Type  : Slow 1100mV 0C Model Removal 'altera_reserved_tck'
Slack : 0.918
TNS   : 0.000

Type  : Slow 1100mV 0C Model Removal 'control:nios|procesador:nios2|procesador_hps_0:hps_0|procesador_hps_0_hps_io:hps_io|procesador_hps_0_hps_io_border:border|hps_sdram:hps_sdram_inst|hps_sdram_pll:pll|afi_clk_write_clk'
Slack : 1.012
TNS   : 0.000

Type  : Slow 1100mV 0C Model Minimum Pulse Width 'control:nios|procesador:nios2|procesador_hps_0:hps_0|procesador_hps_0_hps_io:hps_io|procesador_hps_0_hps_io_border:border|hps_sdram:hps_sdram_inst|hps_sdram_pll:pll|pll_write_clk_dq_write_clk'
Slack : 1.030
TNS   : 0.000

Type  : Slow 1100mV 0C Model Minimum Pulse Width 'control:nios|procesador:nios2|procesador_hps_0:hps_0|procesador_hps_0_hps_io:hps_io|procesador_hps_0_hps_io_border:border|hps_sdram:hps_sdram_inst|hps_sdram_pll:pll|afi_clk_write_clk'
Slack : 1.046
TNS   : 0.000

Type  : Slow 1100mV 0C Model Minimum Pulse Width 'nios|nios2|pll|altera_pll_i|cyclonev_pll|fpll_0|fpll|vcoph[0]'
Slack : 1.538
TNS   : 0.000

Type  : Slow 1100mV 0C Model Minimum Pulse Width 'nios|nios2|pll|altera_pll_i|cyclonev_pll|counter[0].output_counter|divclk'
Slack : 6.258
TNS   : 0.000

Type  : Slow 1100mV 0C Model Minimum Pulse Width 'clock_50'
Slack : 8.829
TNS   : 0.000

Type  : Slow 1100mV 0C Model Minimum Pulse Width 'altera_reserved_tck'
Slack : 15.795
TNS   : 0.000

Type  : Fast 1100mV 85C Model Setup 'control:nios|procesador:nios2|procesador_hps_0:hps_0|procesador_hps_0_hps_io:hps_io|procesador_hps_0_hps_io_border:border|hps_sdram:hps_sdram_inst|hps_sdram_pll:pll|afi_clk_write_clk'
Slack : 2.943
TNS   : 0.000

Type  : Fast 1100mV 85C Model Setup 'nios|nios2|pll|altera_pll_i|cyclonev_pll|counter[0].output_counter|divclk'
Slack : 5.537
TNS   : 0.000

Type  : Fast 1100mV 85C Model Setup 'clock_50'
Slack : 10.429
TNS   : 0.000

Type  : Fast 1100mV 85C Model Setup 'altera_reserved_tck'
Slack : 13.990
TNS   : 0.000

Type  : Fast 1100mV 85C Model Hold 'control:nios|procesador:nios2|procesador_hps_0:hps_0|procesador_hps_0_hps_io:hps_io|procesador_hps_0_hps_io_border:border|hps_sdram:hps_sdram_inst|hps_sdram_pll:pll|afi_clk_write_clk'
Slack : 0.084
TNS   : 0.000

Type  : Fast 1100mV 85C Model Hold 'clock_50'
Slack : 0.146
TNS   : 0.000

Type  : Fast 1100mV 85C Model Hold 'nios|nios2|pll|altera_pll_i|cyclonev_pll|counter[0].output_counter|divclk'
Slack : 0.147
TNS   : 0.000

Type  : Fast 1100mV 85C Model Hold 'altera_reserved_tck'
Slack : 0.157
TNS   : 0.000

Type  : Fast 1100mV 85C Model Recovery 'control:nios|procesador:nios2|procesador_hps_0:hps_0|procesador_hps_0_hps_io:hps_io|procesador_hps_0_hps_io_border:border|hps_sdram:hps_sdram_inst|hps_sdram_pll:pll|afi_clk_write_clk'
Slack : 5.393
TNS   : 0.000

Type  : Fast 1100mV 85C Model Recovery 'nios|nios2|pll|altera_pll_i|cyclonev_pll|counter[0].output_counter|divclk'
Slack : 5.866
TNS   : 0.000

Type  : Fast 1100mV 85C Model Recovery 'clock_50'
Slack : 14.971
TNS   : 0.000

Type  : Fast 1100mV 85C Model Recovery 'altera_reserved_tck'
Slack : 15.405
TNS   : 0.000

Type  : Fast 1100mV 85C Model Removal 'clock_50'
Slack : 0.307
TNS   : 0.000

Type  : Fast 1100mV 85C Model Removal 'nios|nios2|pll|altera_pll_i|cyclonev_pll|counter[0].output_counter|divclk'
Slack : 0.488
TNS   : 0.000

Type  : Fast 1100mV 85C Model Removal 'altera_reserved_tck'
Slack : 0.518
TNS   : 0.000

Type  : Fast 1100mV 85C Model Removal 'control:nios|procesador:nios2|procesador_hps_0:hps_0|procesador_hps_0_hps_io:hps_io|procesador_hps_0_hps_io_border:border|hps_sdram:hps_sdram_inst|hps_sdram_pll:pll|afi_clk_write_clk'
Slack : 0.984
TNS   : 0.000

Type  : Fast 1100mV 85C Model Minimum Pulse Width 'control:nios|procesador:nios2|procesador_hps_0:hps_0|procesador_hps_0_hps_io:hps_io|procesador_hps_0_hps_io_border:border|hps_sdram:hps_sdram_inst|hps_sdram_pll:pll|pll_write_clk_dq_write_clk'
Slack : 1.300
TNS   : 0.000

Type  : Fast 1100mV 85C Model Minimum Pulse Width 'control:nios|procesador:nios2|procesador_hps_0:hps_0|procesador_hps_0_hps_io:hps_io|procesador_hps_0_hps_io_border:border|hps_sdram:hps_sdram_inst|hps_sdram_pll:pll|afi_clk_write_clk'
Slack : 1.307
TNS   : 0.000

Type  : Fast 1100mV 85C Model Minimum Pulse Width 'nios|nios2|pll|altera_pll_i|cyclonev_pll|fpll_0|fpll|vcoph[0]'
Slack : 1.538
TNS   : 0.000

Type  : Fast 1100mV 85C Model Minimum Pulse Width 'nios|nios2|pll|altera_pll_i|cyclonev_pll|counter[0].output_counter|divclk'
Slack : 6.510
TNS   : 0.000

Type  : Fast 1100mV 85C Model Minimum Pulse Width 'clock_50'
Slack : 8.788
TNS   : 0.000

Type  : Fast 1100mV 85C Model Minimum Pulse Width 'altera_reserved_tck'
Slack : 15.750
TNS   : 0.000

Type  : Fast 1100mV 0C Model Setup 'control:nios|procesador:nios2|procesador_hps_0:hps_0|procesador_hps_0_hps_io:hps_io|procesador_hps_0_hps_io_border:border|hps_sdram:hps_sdram_inst|hps_sdram_pll:pll|afi_clk_write_clk'
Slack : 2.943
TNS   : 0.000

Type  : Fast 1100mV 0C Model Setup 'nios|nios2|pll|altera_pll_i|cyclonev_pll|counter[0].output_counter|divclk'
Slack : 5.689
TNS   : 0.000

Type  : Fast 1100mV 0C Model Setup 'clock_50'
Slack : 11.141
TNS   : 0.000

Type  : Fast 1100mV 0C Model Setup 'altera_reserved_tck'
Slack : 14.259
TNS   : 0.000

Type  : Fast 1100mV 0C Model Hold 'control:nios|procesador:nios2|procesador_hps_0:hps_0|procesador_hps_0_hps_io:hps_io|procesador_hps_0_hps_io_border:border|hps_sdram:hps_sdram_inst|hps_sdram_pll:pll|afi_clk_write_clk'
Slack : 0.077
TNS   : 0.000

Type  : Fast 1100mV 0C Model Hold 'clock_50'
Slack : 0.116
TNS   : 0.000

Type  : Fast 1100mV 0C Model Hold 'altera_reserved_tck'
Slack : 0.130
TNS   : 0.000

Type  : Fast 1100mV 0C Model Hold 'nios|nios2|pll|altera_pll_i|cyclonev_pll|counter[0].output_counter|divclk'
Slack : 0.153
TNS   : 0.000

Type  : Fast 1100mV 0C Model Recovery 'control:nios|procesador:nios2|procesador_hps_0:hps_0|procesador_hps_0_hps_io:hps_io|procesador_hps_0_hps_io_border:border|hps_sdram:hps_sdram_inst|hps_sdram_pll:pll|afi_clk_write_clk'
Slack : 5.491
TNS   : 0.000

Type  : Fast 1100mV 0C Model Recovery 'nios|nios2|pll|altera_pll_i|cyclonev_pll|counter[0].output_counter|divclk'
Slack : 6.039
TNS   : 0.000

Type  : Fast 1100mV 0C Model Recovery 'clock_50'
Slack : 15.289
TNS   : 0.000

Type  : Fast 1100mV 0C Model Recovery 'altera_reserved_tck'
Slack : 15.571
TNS   : 0.000

Type  : Fast 1100mV 0C Model Removal 'clock_50'
Slack : 0.278
TNS   : 0.000

Type  : Fast 1100mV 0C Model Removal 'nios|nios2|pll|altera_pll_i|cyclonev_pll|counter[0].output_counter|divclk'
Slack : 0.422
TNS   : 0.000

Type  : Fast 1100mV 0C Model Removal 'altera_reserved_tck'
Slack : 0.455
TNS   : 0.000

Type  : Fast 1100mV 0C Model Removal 'control:nios|procesador:nios2|procesador_hps_0:hps_0|procesador_hps_0_hps_io:hps_io|procesador_hps_0_hps_io_border:border|hps_sdram:hps_sdram_inst|hps_sdram_pll:pll|afi_clk_write_clk'
Slack : 0.889
TNS   : 0.000

Type  : Fast 1100mV 0C Model Minimum Pulse Width 'control:nios|procesador:nios2|procesador_hps_0:hps_0|procesador_hps_0_hps_io:hps_io|procesador_hps_0_hps_io_border:border|hps_sdram:hps_sdram_inst|hps_sdram_pll:pll|pll_write_clk_dq_write_clk'
Slack : 1.304
TNS   : 0.000

Type  : Fast 1100mV 0C Model Minimum Pulse Width 'control:nios|procesador:nios2|procesador_hps_0:hps_0|procesador_hps_0_hps_io:hps_io|procesador_hps_0_hps_io_border:border|hps_sdram:hps_sdram_inst|hps_sdram_pll:pll|afi_clk_write_clk'
Slack : 1.311
TNS   : 0.000

Type  : Fast 1100mV 0C Model Minimum Pulse Width 'nios|nios2|pll|altera_pll_i|cyclonev_pll|fpll_0|fpll|vcoph[0]'
Slack : 1.538
TNS   : 0.000

Type  : Fast 1100mV 0C Model Minimum Pulse Width 'nios|nios2|pll|altera_pll_i|cyclonev_pll|counter[0].output_counter|divclk'
Slack : 6.503
TNS   : 0.000

Type  : Fast 1100mV 0C Model Minimum Pulse Width 'clock_50'
Slack : 8.781
TNS   : 0.000

Type  : Fast 1100mV 0C Model Minimum Pulse Width 'altera_reserved_tck'
Slack : 15.775
TNS   : 0.000

------------------------------------------------------------
Info: see the "DDR report" for DDR timing results
------------------------------------------------------------
------------------------------------------------------------
