------------------------------------------------------------
TimeQuest Timing Analyzer Summary
------------------------------------------------------------

Type  : Slow 1100mV 100C Model Setup 'control:nios|procesador:nios2|procesador_hps_0:hps_0|procesador_hps_0_hps_io:hps_io|procesador_hps_0_hps_io_border:border|hps_sdram:hps_sdram_inst|hps_sdram_pll:pll|afi_clk_write_clk'
Slack : 2.407
TNS   : 0.000

Type  : Slow 1100mV 100C Model Setup 'nios|nios2|pll|altera_pll_i|cyclonev_pll|counter[0].output_counter|divclk'
Slack : 2.692
TNS   : 0.000

Type  : Slow 1100mV 100C Model Setup 'clock_50'
Slack : 3.993
TNS   : 0.000

Type  : Slow 1100mV 100C Model Setup 'altera_reserved_tck'
Slack : 10.999
TNS   : 0.000

Type  : Slow 1100mV 100C Model Hold 'control:nios|procesador:nios2|procesador_hps_0:hps_0|procesador_hps_0_hps_io:hps_io|procesador_hps_0_hps_io_border:border|hps_sdram:hps_sdram_inst|hps_sdram_pll:pll|afi_clk_write_clk'
Slack : 0.164
TNS   : 0.000

Type  : Slow 1100mV 100C Model Hold 'clock_50'
Slack : 0.309
TNS   : 0.000

Type  : Slow 1100mV 100C Model Hold 'nios|nios2|pll|altera_pll_i|cyclonev_pll|counter[0].output_counter|divclk'
Slack : 0.417
TNS   : 0.000

Type  : Slow 1100mV 100C Model Hold 'altera_reserved_tck'
Slack : 0.458
TNS   : 0.000

Type  : Slow 1100mV 100C Model Recovery 'nios|nios2|pll|altera_pll_i|cyclonev_pll|counter[0].output_counter|divclk'
Slack : 2.533
TNS   : 0.000

Type  : Slow 1100mV 100C Model Recovery 'control:nios|procesador:nios2|procesador_hps_0:hps_0|procesador_hps_0_hps_io:hps_io|procesador_hps_0_hps_io_border:border|hps_sdram:hps_sdram_inst|hps_sdram_pll:pll|afi_clk_write_clk'
Slack : 4.706
TNS   : 0.000

Type  : Slow 1100mV 100C Model Recovery 'clock_50'
Slack : 12.188
TNS   : 0.000

Type  : Slow 1100mV 100C Model Recovery 'altera_reserved_tck'
Slack : 14.179
TNS   : 0.000

Type  : Slow 1100mV 100C Model Removal 'clock_50'
Slack : 0.819
TNS   : 0.000

Type  : Slow 1100mV 100C Model Removal 'nios|nios2|pll|altera_pll_i|cyclonev_pll|counter[0].output_counter|divclk'
Slack : 1.253
TNS   : 0.000

Type  : Slow 1100mV 100C Model Removal 'altera_reserved_tck'
Slack : 1.277
TNS   : 0.000

Type  : Slow 1100mV 100C Model Removal 'control:nios|procesador:nios2|procesador_hps_0:hps_0|procesador_hps_0_hps_io:hps_io|procesador_hps_0_hps_io_border:border|hps_sdram:hps_sdram_inst|hps_sdram_pll:pll|afi_clk_write_clk'
Slack : 1.279
TNS   : 0.000

Type  : Slow 1100mV 100C Model Minimum Pulse Width 'control:nios|procesador:nios2|procesador_hps_0:hps_0|procesador_hps_0_hps_io:hps_io|procesador_hps_0_hps_io_border:border|hps_sdram:hps_sdram_inst|hps_sdram_pll:pll|pll_write_clk_dq_write_clk'
Slack : 0.940
TNS   : 0.000

Type  : Slow 1100mV 100C Model Minimum Pulse Width 'control:nios|procesador:nios2|procesador_hps_0:hps_0|procesador_hps_0_hps_io:hps_io|procesador_hps_0_hps_io_border:border|hps_sdram:hps_sdram_inst|hps_sdram_pll:pll|afi_clk_write_clk'
Slack : 0.956
TNS   : 0.000

Type  : Slow 1100mV 100C Model Minimum Pulse Width 'nios|nios2|pll|altera_pll_i|cyclonev_pll|fpll_0|fpll|vcoph[0]'
Slack : 1.538
TNS   : 0.000

Type  : Slow 1100mV 100C Model Minimum Pulse Width 'nios|nios2|pll|altera_pll_i|cyclonev_pll|counter[0].output_counter|divclk'
Slack : 6.170
TNS   : 0.000

Type  : Slow 1100mV 100C Model Minimum Pulse Width 'clock_50'
Slack : 8.646
TNS   : 0.000

Type  : Slow 1100mV 100C Model Minimum Pulse Width 'altera_reserved_tck'
Slack : 15.717
TNS   : 0.000

Type  : Slow 1100mV -40C Model Setup 'control:nios|procesador:nios2|procesador_hps_0:hps_0|procesador_hps_0_hps_io:hps_io|procesador_hps_0_hps_io_border:border|hps_sdram:hps_sdram_inst|hps_sdram_pll:pll|afi_clk_write_clk'
Slack : 2.406
TNS   : 0.000

Type  : Slow 1100mV -40C Model Setup 'nios|nios2|pll|altera_pll_i|cyclonev_pll|counter[0].output_counter|divclk'
Slack : 2.759
TNS   : 0.000

Type  : Slow 1100mV -40C Model Setup 'clock_50'
Slack : 4.057
TNS   : 0.000

Type  : Slow 1100mV -40C Model Setup 'altera_reserved_tck'
Slack : 11.210
TNS   : 0.000

Type  : Slow 1100mV -40C Model Hold 'control:nios|procesador:nios2|procesador_hps_0:hps_0|procesador_hps_0_hps_io:hps_io|procesador_hps_0_hps_io_border:border|hps_sdram:hps_sdram_inst|hps_sdram_pll:pll|afi_clk_write_clk'
Slack : 0.216
TNS   : 0.000

Type  : Slow 1100mV -40C Model Hold 'clock_50'
Slack : 0.245
TNS   : 0.000

Type  : Slow 1100mV -40C Model Hold 'altera_reserved_tck'
Slack : 0.430
TNS   : 0.000

Type  : Slow 1100mV -40C Model Hold 'nios|nios2|pll|altera_pll_i|cyclonev_pll|counter[0].output_counter|divclk'
Slack : 0.439
TNS   : 0.000

Type  : Slow 1100mV -40C Model Recovery 'nios|nios2|pll|altera_pll_i|cyclonev_pll|counter[0].output_counter|divclk'
Slack : 2.738
TNS   : 0.000

Type  : Slow 1100mV -40C Model Recovery 'control:nios|procesador:nios2|procesador_hps_0:hps_0|procesador_hps_0_hps_io:hps_io|procesador_hps_0_hps_io_border:border|hps_sdram:hps_sdram_inst|hps_sdram_pll:pll|afi_clk_write_clk'
Slack : 4.796
TNS   : 0.000

Type  : Slow 1100mV -40C Model Recovery 'clock_50'
Slack : 12.722
TNS   : 0.000

Type  : Slow 1100mV -40C Model Recovery 'altera_reserved_tck'
Slack : 14.281
TNS   : 0.000

Type  : Slow 1100mV -40C Model Removal 'clock_50'
Slack : 0.771
TNS   : 0.000

Type  : Slow 1100mV -40C Model Removal 'nios|nios2|pll|altera_pll_i|cyclonev_pll|counter[0].output_counter|divclk'
Slack : 1.154
TNS   : 0.000

Type  : Slow 1100mV -40C Model Removal 'altera_reserved_tck'
Slack : 1.217
TNS   : 0.000

Type  : Slow 1100mV -40C Model Removal 'control:nios|procesador:nios2|procesador_hps_0:hps_0|procesador_hps_0_hps_io:hps_io|procesador_hps_0_hps_io_border:border|hps_sdram:hps_sdram_inst|hps_sdram_pll:pll|afi_clk_write_clk'
Slack : 1.285
TNS   : 0.000

Type  : Slow 1100mV -40C Model Minimum Pulse Width 'control:nios|procesador:nios2|procesador_hps_0:hps_0|procesador_hps_0_hps_io:hps_io|procesador_hps_0_hps_io_border:border|hps_sdram:hps_sdram_inst|hps_sdram_pll:pll|pll_write_clk_dq_write_clk'
Slack : 0.942
TNS   : 0.000

Type  : Slow 1100mV -40C Model Minimum Pulse Width 'control:nios|procesador:nios2|procesador_hps_0:hps_0|procesador_hps_0_hps_io:hps_io|procesador_hps_0_hps_io_border:border|hps_sdram:hps_sdram_inst|hps_sdram_pll:pll|afi_clk_write_clk'
Slack : 0.962
TNS   : 0.000

Type  : Slow 1100mV -40C Model Minimum Pulse Width 'nios|nios2|pll|altera_pll_i|cyclonev_pll|fpll_0|fpll|vcoph[0]'
Slack : 1.538
TNS   : 0.000

Type  : Slow 1100mV -40C Model Minimum Pulse Width 'nios|nios2|pll|altera_pll_i|cyclonev_pll|counter[0].output_counter|divclk'
Slack : 6.126
TNS   : 0.000

Type  : Slow 1100mV -40C Model Minimum Pulse Width 'clock_50'
Slack : 8.556
TNS   : 0.000

Type  : Slow 1100mV -40C Model Minimum Pulse Width 'altera_reserved_tck'
Slack : 15.733
TNS   : 0.000

Type  : Fast 1100mV 100C Model Setup 'control:nios|procesador:nios2|procesador_hps_0:hps_0|procesador_hps_0_hps_io:hps_io|procesador_hps_0_hps_io_border:border|hps_sdram:hps_sdram_inst|hps_sdram_pll:pll|afi_clk_write_clk'
Slack : 2.946
TNS   : 0.000

Type  : Fast 1100mV 100C Model Setup 'nios|nios2|pll|altera_pll_i|cyclonev_pll|counter[0].output_counter|divclk'
Slack : 5.482
TNS   : 0.000

Type  : Fast 1100mV 100C Model Setup 'clock_50'
Slack : 10.606
TNS   : 0.000

Type  : Fast 1100mV 100C Model Setup 'altera_reserved_tck'
Slack : 13.752
TNS   : 0.000

Type  : Fast 1100mV 100C Model Hold 'control:nios|procesador:nios2|procesador_hps_0:hps_0|procesador_hps_0_hps_io:hps_io|procesador_hps_0_hps_io_border:border|hps_sdram:hps_sdram_inst|hps_sdram_pll:pll|afi_clk_write_clk'
Slack : 0.083
TNS   : 0.000

Type  : Fast 1100mV 100C Model Hold 'clock_50'
Slack : 0.139
TNS   : 0.000

Type  : Fast 1100mV 100C Model Hold 'altera_reserved_tck'
Slack : 0.158
TNS   : 0.000

Type  : Fast 1100mV 100C Model Hold 'nios|nios2|pll|altera_pll_i|cyclonev_pll|counter[0].output_counter|divclk'
Slack : 0.177
TNS   : 0.000

Type  : Fast 1100mV 100C Model Recovery 'nios|nios2|pll|altera_pll_i|cyclonev_pll|counter[0].output_counter|divclk'
Slack : 4.745
TNS   : 0.000

Type  : Fast 1100mV 100C Model Recovery 'control:nios|procesador:nios2|procesador_hps_0:hps_0|procesador_hps_0_hps_io:hps_io|procesador_hps_0_hps_io_border:border|hps_sdram:hps_sdram_inst|hps_sdram_pll:pll|afi_clk_write_clk'
Slack : 5.397
TNS   : 0.000

Type  : Fast 1100mV 100C Model Recovery 'clock_50'
Slack : 14.895
TNS   : 0.000

Type  : Fast 1100mV 100C Model Recovery 'altera_reserved_tck'
Slack : 15.655
TNS   : 0.000

Type  : Fast 1100mV 100C Model Removal 'clock_50'
Slack : 0.447
TNS   : 0.000

Type  : Fast 1100mV 100C Model Removal 'altera_reserved_tck'
Slack : 0.545
TNS   : 0.000

Type  : Fast 1100mV 100C Model Removal 'nios|nios2|pll|altera_pll_i|cyclonev_pll|counter[0].output_counter|divclk'
Slack : 0.603
TNS   : 0.000

Type  : Fast 1100mV 100C Model Removal 'control:nios|procesador:nios2|procesador_hps_0:hps_0|procesador_hps_0_hps_io:hps_io|procesador_hps_0_hps_io_border:border|hps_sdram:hps_sdram_inst|hps_sdram_pll:pll|afi_clk_write_clk'
Slack : 0.982
TNS   : 0.000

Type  : Fast 1100mV 100C Model Minimum Pulse Width 'control:nios|procesador:nios2|procesador_hps_0:hps_0|procesador_hps_0_hps_io:hps_io|procesador_hps_0_hps_io_border:border|hps_sdram:hps_sdram_inst|hps_sdram_pll:pll|pll_write_clk_dq_write_clk'
Slack : 1.300
TNS   : 0.000

Type  : Fast 1100mV 100C Model Minimum Pulse Width 'control:nios|procesador:nios2|procesador_hps_0:hps_0|procesador_hps_0_hps_io:hps_io|procesador_hps_0_hps_io_border:border|hps_sdram:hps_sdram_inst|hps_sdram_pll:pll|afi_clk_write_clk'
Slack : 1.307
TNS   : 0.000

Type  : Fast 1100mV 100C Model Minimum Pulse Width 'nios|nios2|pll|altera_pll_i|cyclonev_pll|fpll_0|fpll|vcoph[0]'
Slack : 1.538
TNS   : 0.000

Type  : Fast 1100mV 100C Model Minimum Pulse Width 'nios|nios2|pll|altera_pll_i|cyclonev_pll|counter[0].output_counter|divclk'
Slack : 6.595
TNS   : 0.000

Type  : Fast 1100mV 100C Model Minimum Pulse Width 'clock_50'
Slack : 8.789
TNS   : 0.000

Type  : Fast 1100mV 100C Model Minimum Pulse Width 'altera_reserved_tck'
Slack : 15.735
TNS   : 0.000

Type  : Fast 1100mV -40C Model Setup 'control:nios|procesador:nios2|procesador_hps_0:hps_0|procesador_hps_0_hps_io:hps_io|procesador_hps_0_hps_io_border:border|hps_sdram:hps_sdram_inst|hps_sdram_pll:pll|afi_clk_write_clk'
Slack : 2.946
TNS   : 0.000

Type  : Fast 1100mV -40C Model Setup 'nios|nios2|pll|altera_pll_i|cyclonev_pll|counter[0].output_counter|divclk'
Slack : 5.688
TNS   : 0.000

Type  : Fast 1100mV -40C Model Setup 'clock_50'
Slack : 11.754
TNS   : 0.000

Type  : Fast 1100mV -40C Model Setup 'altera_reserved_tck'
Slack : 14.252
TNS   : 0.000

Type  : Fast 1100mV -40C Model Hold 'control:nios|procesador:nios2|procesador_hps_0:hps_0|procesador_hps_0_hps_io:hps_io|procesador_hps_0_hps_io_border:border|hps_sdram:hps_sdram_inst|hps_sdram_pll:pll|afi_clk_write_clk'
Slack : 0.076
TNS   : 0.000

Type  : Fast 1100mV -40C Model Hold 'clock_50'
Slack : 0.113
TNS   : 0.000

Type  : Fast 1100mV -40C Model Hold 'altera_reserved_tck'
Slack : 0.117
TNS   : 0.000

Type  : Fast 1100mV -40C Model Hold 'nios|nios2|pll|altera_pll_i|cyclonev_pll|counter[0].output_counter|divclk'
Slack : 0.164
TNS   : 0.000

Type  : Fast 1100mV -40C Model Recovery 'nios|nios2|pll|altera_pll_i|cyclonev_pll|counter[0].output_counter|divclk'
Slack : 5.209
TNS   : 0.000

Type  : Fast 1100mV -40C Model Recovery 'control:nios|procesador:nios2|procesador_hps_0:hps_0|procesador_hps_0_hps_io:hps_io|procesador_hps_0_hps_io_border:border|hps_sdram:hps_sdram_inst|hps_sdram_pll:pll|afi_clk_write_clk'
Slack : 5.509
TNS   : 0.000

Type  : Fast 1100mV -40C Model Recovery 'altera_reserved_tck'
Slack : 15.810
TNS   : 0.000

Type  : Fast 1100mV -40C Model Recovery 'clock_50'
Slack : 15.925
TNS   : 0.000

Type  : Fast 1100mV -40C Model Removal 'clock_50'
Slack : 0.357
TNS   : 0.000

Type  : Fast 1100mV -40C Model Removal 'altera_reserved_tck'
Slack : 0.447
TNS   : 0.000

Type  : Fast 1100mV -40C Model Removal 'nios|nios2|pll|altera_pll_i|cyclonev_pll|counter[0].output_counter|divclk'
Slack : 0.493
TNS   : 0.000

Type  : Fast 1100mV -40C Model Removal 'control:nios|procesador:nios2|procesador_hps_0:hps_0|procesador_hps_0_hps_io:hps_io|procesador_hps_0_hps_io_border:border|hps_sdram:hps_sdram_inst|hps_sdram_pll:pll|afi_clk_write_clk'
Slack : 0.872
TNS   : 0.000

Type  : Fast 1100mV -40C Model Minimum Pulse Width 'control:nios|procesador:nios2|procesador_hps_0:hps_0|procesador_hps_0_hps_io:hps_io|procesador_hps_0_hps_io_border:border|hps_sdram:hps_sdram_inst|hps_sdram_pll:pll|pll_write_clk_dq_write_clk'
Slack : 1.304
TNS   : 0.000

Type  : Fast 1100mV -40C Model Minimum Pulse Width 'control:nios|procesador:nios2|procesador_hps_0:hps_0|procesador_hps_0_hps_io:hps_io|procesador_hps_0_hps_io_border:border|hps_sdram:hps_sdram_inst|hps_sdram_pll:pll|afi_clk_write_clk'
Slack : 1.312
TNS   : 0.000

Type  : Fast 1100mV -40C Model Minimum Pulse Width 'nios|nios2|pll|altera_pll_i|cyclonev_pll|fpll_0|fpll|vcoph[0]'
Slack : 1.538
TNS   : 0.000

Type  : Fast 1100mV -40C Model Minimum Pulse Width 'nios|nios2|pll|altera_pll_i|cyclonev_pll|counter[0].output_counter|divclk'
Slack : 6.579
TNS   : 0.000

Type  : Fast 1100mV -40C Model Minimum Pulse Width 'clock_50'
Slack : 8.779
TNS   : 0.000

Type  : Fast 1100mV -40C Model Minimum Pulse Width 'altera_reserved_tck'
Slack : 15.789
TNS   : 0.000

------------------------------------------------------------
Info: see the "DDR report" for DDR timing results
------------------------------------------------------------
------------------------------------------------------------
