------------------------------------------------------------
TimeQuest Timing Analyzer Summary
------------------------------------------------------------

Type  : Slow 1100mV 85C Model Setup 'control:nios|procesador:nios2|procesador_hps_0:hps_0|procesador_hps_0_hps_io:hps_io|procesador_hps_0_hps_io_border:border|hps_sdram:hps_sdram_inst|hps_sdram_pll:pll|afi_clk_write_clk'
Slack : 2.563
TNS   : 0.000

Type  : Slow 1100mV 85C Model Setup 'nios|nios2|pll|altera_pll_i|cyclonev_pll|counter[0].output_counter|divclk'
Slack : 3.647
TNS   : 0.000

Type  : Slow 1100mV 85C Model Setup 'clock_50'
Slack : 5.255
TNS   : 0.000

Type  : Slow 1100mV 85C Model Setup 'altera_reserved_tck'
Slack : 11.845
TNS   : 0.000

Type  : Slow 1100mV 85C Model Hold 'altera_reserved_tck'
Slack : 0.136
TNS   : 0.000

Type  : Slow 1100mV 85C Model Hold 'control:nios|procesador:nios2|procesador_hps_0:hps_0|procesador_hps_0_hps_io:hps_io|procesador_hps_0_hps_io_border:border|hps_sdram:hps_sdram_inst|hps_sdram_pll:pll|afi_clk_write_clk'
Slack : 0.143
TNS   : 0.000

Type  : Slow 1100mV 85C Model Hold 'clock_50'
Slack : 0.284
TNS   : 0.000

Type  : Slow 1100mV 85C Model Hold 'nios|nios2|pll|altera_pll_i|cyclonev_pll|counter[0].output_counter|divclk'
Slack : 0.361
TNS   : 0.000

Type  : Slow 1100mV 85C Model Recovery 'control:nios|procesador:nios2|procesador_hps_0:hps_0|procesador_hps_0_hps_io:hps_io|procesador_hps_0_hps_io_border:border|hps_sdram:hps_sdram_inst|hps_sdram_pll:pll|afi_clk_write_clk'
Slack : 5.041
TNS   : 0.000

Type  : Slow 1100mV 85C Model Recovery 'nios|nios2|pll|altera_pll_i|cyclonev_pll|counter[0].output_counter|divclk'
Slack : 10.949
TNS   : 0.000

Type  : Slow 1100mV 85C Model Recovery 'clock_50'
Slack : 12.107
TNS   : 0.000

Type  : Slow 1100mV 85C Model Recovery 'altera_reserved_tck'
Slack : 14.673
TNS   : 0.000

Type  : Slow 1100mV 85C Model Removal 'altera_reserved_tck'
Slack : 0.807
TNS   : 0.000

Type  : Slow 1100mV 85C Model Removal 'nios|nios2|pll|altera_pll_i|cyclonev_pll|counter[0].output_counter|divclk'
Slack : 0.836
TNS   : 0.000

Type  : Slow 1100mV 85C Model Removal 'clock_50'
Slack : 0.874
TNS   : 0.000

Type  : Slow 1100mV 85C Model Removal 'control:nios|procesador:nios2|procesador_hps_0:hps_0|procesador_hps_0_hps_io:hps_io|procesador_hps_0_hps_io_border:border|hps_sdram:hps_sdram_inst|hps_sdram_pll:pll|afi_clk_write_clk'
Slack : 1.063
TNS   : 0.000

Type  : Slow 1100mV 85C Model Minimum Pulse Width 'control:nios|procesador:nios2|procesador_hps_0:hps_0|procesador_hps_0_hps_io:hps_io|procesador_hps_0_hps_io_border:border|hps_sdram:hps_sdram_inst|hps_sdram_pll:pll|pll_write_clk_dq_write_clk'
Slack : 1.025
TNS   : 0.000

Type  : Slow 1100mV 85C Model Minimum Pulse Width 'control:nios|procesador:nios2|procesador_hps_0:hps_0|procesador_hps_0_hps_io:hps_io|procesador_hps_0_hps_io_border:border|hps_sdram:hps_sdram_inst|hps_sdram_pll:pll|afi_clk_write_clk'
Slack : 1.039
TNS   : 0.000

Type  : Slow 1100mV 85C Model Minimum Pulse Width 'nios|nios2|pll|altera_pll_i|cyclonev_pll|fpll_0|fpll|vcoph[0]'
Slack : 1.538
TNS   : 0.000

Type  : Slow 1100mV 85C Model Minimum Pulse Width 'nios|nios2|pll|altera_pll_i|cyclonev_pll|counter[0].output_counter|divclk'
Slack : 6.328
TNS   : 0.000

Type  : Slow 1100mV 85C Model Minimum Pulse Width 'clock_50'
Slack : 8.876
TNS   : 0.000

Type  : Slow 1100mV 85C Model Minimum Pulse Width 'altera_reserved_tck'
Slack : 15.762
TNS   : 0.000

Type  : Slow 1100mV 0C Model Setup 'control:nios|procesador:nios2|procesador_hps_0:hps_0|procesador_hps_0_hps_io:hps_io|procesador_hps_0_hps_io_border:border|hps_sdram:hps_sdram_inst|hps_sdram_pll:pll|afi_clk_write_clk'
Slack : 2.560
TNS   : 0.000

Type  : Slow 1100mV 0C Model Setup 'nios|nios2|pll|altera_pll_i|cyclonev_pll|counter[0].output_counter|divclk'
Slack : 3.328
TNS   : 0.000

Type  : Slow 1100mV 0C Model Setup 'clock_50'
Slack : 5.487
TNS   : 0.000

Type  : Slow 1100mV 0C Model Setup 'altera_reserved_tck'
Slack : 11.926
TNS   : 0.000

Type  : Slow 1100mV 0C Model Hold 'altera_reserved_tck'
Slack : 0.121
TNS   : 0.000

Type  : Slow 1100mV 0C Model Hold 'control:nios|procesador:nios2|procesador_hps_0:hps_0|procesador_hps_0_hps_io:hps_io|procesador_hps_0_hps_io_border:border|hps_sdram:hps_sdram_inst|hps_sdram_pll:pll|afi_clk_write_clk'
Slack : 0.162
TNS   : 0.000

Type  : Slow 1100mV 0C Model Hold 'clock_50'
Slack : 0.260
TNS   : 0.000

Type  : Slow 1100mV 0C Model Hold 'nios|nios2|pll|altera_pll_i|cyclonev_pll|counter[0].output_counter|divclk'
Slack : 0.377
TNS   : 0.000

Type  : Slow 1100mV 0C Model Recovery 'control:nios|procesador:nios2|procesador_hps_0:hps_0|procesador_hps_0_hps_io:hps_io|procesador_hps_0_hps_io_border:border|hps_sdram:hps_sdram_inst|hps_sdram_pll:pll|afi_clk_write_clk'
Slack : 5.134
TNS   : 0.000

Type  : Slow 1100mV 0C Model Recovery 'nios|nios2|pll|altera_pll_i|cyclonev_pll|counter[0].output_counter|divclk'
Slack : 11.150
TNS   : 0.000

Type  : Slow 1100mV 0C Model Recovery 'clock_50'
Slack : 12.296
TNS   : 0.000

Type  : Slow 1100mV 0C Model Recovery 'altera_reserved_tck'
Slack : 14.777
TNS   : 0.000

Type  : Slow 1100mV 0C Model Removal 'altera_reserved_tck'
Slack : 0.739
TNS   : 0.000

Type  : Slow 1100mV 0C Model Removal 'nios|nios2|pll|altera_pll_i|cyclonev_pll|counter[0].output_counter|divclk'
Slack : 0.779
TNS   : 0.000

Type  : Slow 1100mV 0C Model Removal 'clock_50'
Slack : 0.809
TNS   : 0.000

Type  : Slow 1100mV 0C Model Removal 'control:nios|procesador:nios2|procesador_hps_0:hps_0|procesador_hps_0_hps_io:hps_io|procesador_hps_0_hps_io_border:border|hps_sdram:hps_sdram_inst|hps_sdram_pll:pll|afi_clk_write_clk'
Slack : 1.012
TNS   : 0.000

Type  : Slow 1100mV 0C Model Minimum Pulse Width 'control:nios|procesador:nios2|procesador_hps_0:hps_0|procesador_hps_0_hps_io:hps_io|procesador_hps_0_hps_io_border:border|hps_sdram:hps_sdram_inst|hps_sdram_pll:pll|pll_write_clk_dq_write_clk'
Slack : 1.030
TNS   : 0.000

Type  : Slow 1100mV 0C Model Minimum Pulse Width 'control:nios|procesador:nios2|procesador_hps_0:hps_0|procesador_hps_0_hps_io:hps_io|procesador_hps_0_hps_io_border:border|hps_sdram:hps_sdram_inst|hps_sdram_pll:pll|afi_clk_write_clk'
Slack : 1.046
TNS   : 0.000

Type  : Slow 1100mV 0C Model Minimum Pulse Width 'nios|nios2|pll|altera_pll_i|cyclonev_pll|fpll_0|fpll|vcoph[0]'
Slack : 1.538
TNS   : 0.000

Type  : Slow 1100mV 0C Model Minimum Pulse Width 'nios|nios2|pll|altera_pll_i|cyclonev_pll|counter[0].output_counter|divclk'
Slack : 6.283
TNS   : 0.000

Type  : Slow 1100mV 0C Model Minimum Pulse Width 'clock_50'
Slack : 8.822
TNS   : 0.000

Type  : Slow 1100mV 0C Model Minimum Pulse Width 'altera_reserved_tck'
Slack : 15.777
TNS   : 0.000

Type  : Fast 1100mV 85C Model Setup 'control:nios|procesador:nios2|procesador_hps_0:hps_0|procesador_hps_0_hps_io:hps_io|procesador_hps_0_hps_io_border:border|hps_sdram:hps_sdram_inst|hps_sdram_pll:pll|afi_clk_write_clk'
Slack : 2.943
TNS   : 0.000

Type  : Fast 1100mV 85C Model Setup 'nios|nios2|pll|altera_pll_i|cyclonev_pll|counter[0].output_counter|divclk'
Slack : 8.590
TNS   : 0.000

Type  : Fast 1100mV 85C Model Setup 'clock_50'
Slack : 10.239
TNS   : 0.000

Type  : Fast 1100mV 85C Model Setup 'altera_reserved_tck'
Slack : 14.024
TNS   : 0.000

Type  : Fast 1100mV 85C Model Hold 'altera_reserved_tck'
Slack : 0.035
TNS   : 0.000

Type  : Fast 1100mV 85C Model Hold 'control:nios|procesador:nios2|procesador_hps_0:hps_0|procesador_hps_0_hps_io:hps_io|procesador_hps_0_hps_io_border:border|hps_sdram:hps_sdram_inst|hps_sdram_pll:pll|afi_clk_write_clk'
Slack : 0.084
TNS   : 0.000

Type  : Fast 1100mV 85C Model Hold 'clock_50'
Slack : 0.166
TNS   : 0.000

Type  : Fast 1100mV 85C Model Hold 'nios|nios2|pll|altera_pll_i|cyclonev_pll|counter[0].output_counter|divclk'
Slack : 0.176
TNS   : 0.000

Type  : Fast 1100mV 85C Model Recovery 'control:nios|procesador:nios2|procesador_hps_0:hps_0|procesador_hps_0_hps_io:hps_io|procesador_hps_0_hps_io_border:border|hps_sdram:hps_sdram_inst|hps_sdram_pll:pll|afi_clk_write_clk'
Slack : 5.393
TNS   : 0.000

Type  : Fast 1100mV 85C Model Recovery 'nios|nios2|pll|altera_pll_i|cyclonev_pll|counter[0].output_counter|divclk'
Slack : 12.387
TNS   : 0.000

Type  : Fast 1100mV 85C Model Recovery 'clock_50'
Slack : 15.375
TNS   : 0.000

Type  : Fast 1100mV 85C Model Recovery 'altera_reserved_tck'
Slack : 15.695
TNS   : 0.000

Type  : Fast 1100mV 85C Model Removal 'altera_reserved_tck'
Slack : 0.364
TNS   : 0.000

Type  : Fast 1100mV 85C Model Removal 'nios|nios2|pll|altera_pll_i|cyclonev_pll|counter[0].output_counter|divclk'
Slack : 0.469
TNS   : 0.000

Type  : Fast 1100mV 85C Model Removal 'clock_50'
Slack : 0.500
TNS   : 0.000

Type  : Fast 1100mV 85C Model Removal 'control:nios|procesador:nios2|procesador_hps_0:hps_0|procesador_hps_0_hps_io:hps_io|procesador_hps_0_hps_io_border:border|hps_sdram:hps_sdram_inst|hps_sdram_pll:pll|afi_clk_write_clk'
Slack : 0.984
TNS   : 0.000

Type  : Fast 1100mV 85C Model Minimum Pulse Width 'control:nios|procesador:nios2|procesador_hps_0:hps_0|procesador_hps_0_hps_io:hps_io|procesador_hps_0_hps_io_border:border|hps_sdram:hps_sdram_inst|hps_sdram_pll:pll|pll_write_clk_dq_write_clk'
Slack : 1.300
TNS   : 0.000

Type  : Fast 1100mV 85C Model Minimum Pulse Width 'control:nios|procesador:nios2|procesador_hps_0:hps_0|procesador_hps_0_hps_io:hps_io|procesador_hps_0_hps_io_border:border|hps_sdram:hps_sdram_inst|hps_sdram_pll:pll|afi_clk_write_clk'
Slack : 1.307
TNS   : 0.000

Type  : Fast 1100mV 85C Model Minimum Pulse Width 'nios|nios2|pll|altera_pll_i|cyclonev_pll|fpll_0|fpll|vcoph[0]'
Slack : 1.538
TNS   : 0.000

Type  : Fast 1100mV 85C Model Minimum Pulse Width 'nios|nios2|pll|altera_pll_i|cyclonev_pll|counter[0].output_counter|divclk'
Slack : 6.516
TNS   : 0.000

Type  : Fast 1100mV 85C Model Minimum Pulse Width 'clock_50'
Slack : 8.788
TNS   : 0.000

Type  : Fast 1100mV 85C Model Minimum Pulse Width 'altera_reserved_tck'
Slack : 15.747
TNS   : 0.000

Type  : Fast 1100mV 0C Model Setup 'control:nios|procesador:nios2|procesador_hps_0:hps_0|procesador_hps_0_hps_io:hps_io|procesador_hps_0_hps_io_border:border|hps_sdram:hps_sdram_inst|hps_sdram_pll:pll|afi_clk_write_clk'
Slack : 2.943
TNS   : 0.000

Type  : Fast 1100mV 0C Model Setup 'nios|nios2|pll|altera_pll_i|cyclonev_pll|counter[0].output_counter|divclk'
Slack : 9.025
TNS   : 0.000

Type  : Fast 1100mV 0C Model Setup 'clock_50'
Slack : 11.057
TNS   : 0.000

Type  : Fast 1100mV 0C Model Setup 'altera_reserved_tck'
Slack : 14.289
TNS   : 0.000

Type  : Fast 1100mV 0C Model Hold 'altera_reserved_tck'
Slack : 0.020
TNS   : 0.000

Type  : Fast 1100mV 0C Model Hold 'control:nios|procesador:nios2|procesador_hps_0:hps_0|procesador_hps_0_hps_io:hps_io|procesador_hps_0_hps_io_border:border|hps_sdram:hps_sdram_inst|hps_sdram_pll:pll|afi_clk_write_clk'
Slack : 0.077
TNS   : 0.000

Type  : Fast 1100mV 0C Model Hold 'clock_50'
Slack : 0.145
TNS   : 0.000

Type  : Fast 1100mV 0C Model Hold 'nios|nios2|pll|altera_pll_i|cyclonev_pll|counter[0].output_counter|divclk'
Slack : 0.168
TNS   : 0.000

Type  : Fast 1100mV 0C Model Recovery 'control:nios|procesador:nios2|procesador_hps_0:hps_0|procesador_hps_0_hps_io:hps_io|procesador_hps_0_hps_io_border:border|hps_sdram:hps_sdram_inst|hps_sdram_pll:pll|afi_clk_write_clk'
Slack : 5.491
TNS   : 0.000

Type  : Fast 1100mV 0C Model Recovery 'nios|nios2|pll|altera_pll_i|cyclonev_pll|counter[0].output_counter|divclk'
Slack : 12.749
TNS   : 0.000

Type  : Fast 1100mV 0C Model Recovery 'clock_50'
Slack : 15.639
TNS   : 0.000

Type  : Fast 1100mV 0C Model Recovery 'altera_reserved_tck'
Slack : 15.819
TNS   : 0.000

Type  : Fast 1100mV 0C Model Removal 'altera_reserved_tck'
Slack : 0.315
TNS   : 0.000

Type  : Fast 1100mV 0C Model Removal 'nios|nios2|pll|altera_pll_i|cyclonev_pll|counter[0].output_counter|divclk'
Slack : 0.415
TNS   : 0.000

Type  : Fast 1100mV 0C Model Removal 'clock_50'
Slack : 0.426
TNS   : 0.000

Type  : Fast 1100mV 0C Model Removal 'control:nios|procesador:nios2|procesador_hps_0:hps_0|procesador_hps_0_hps_io:hps_io|procesador_hps_0_hps_io_border:border|hps_sdram:hps_sdram_inst|hps_sdram_pll:pll|afi_clk_write_clk'
Slack : 0.889
TNS   : 0.000

Type  : Fast 1100mV 0C Model Minimum Pulse Width 'control:nios|procesador:nios2|procesador_hps_0:hps_0|procesador_hps_0_hps_io:hps_io|procesador_hps_0_hps_io_border:border|hps_sdram:hps_sdram_inst|hps_sdram_pll:pll|pll_write_clk_dq_write_clk'
Slack : 1.304
TNS   : 0.000

Type  : Fast 1100mV 0C Model Minimum Pulse Width 'control:nios|procesador:nios2|procesador_hps_0:hps_0|procesador_hps_0_hps_io:hps_io|procesador_hps_0_hps_io_border:border|hps_sdram:hps_sdram_inst|hps_sdram_pll:pll|afi_clk_write_clk'
Slack : 1.311
TNS   : 0.000

Type  : Fast 1100mV 0C Model Minimum Pulse Width 'nios|nios2|pll|altera_pll_i|cyclonev_pll|fpll_0|fpll|vcoph[0]'
Slack : 1.538
TNS   : 0.000

Type  : Fast 1100mV 0C Model Minimum Pulse Width 'nios|nios2|pll|altera_pll_i|cyclonev_pll|counter[0].output_counter|divclk'
Slack : 6.512
TNS   : 0.000

Type  : Fast 1100mV 0C Model Minimum Pulse Width 'clock_50'
Slack : 8.781
TNS   : 0.000

Type  : Fast 1100mV 0C Model Minimum Pulse Width 'altera_reserved_tck'
Slack : 15.771
TNS   : 0.000

------------------------------------------------------------
Info: see the "DDR report" for DDR timing results
------------------------------------------------------------
------------------------------------------------------------
